[botmaster.mediaplus.me/admin/login.html]
[backblue.gif]
[fade.gif]
[index.html]
[botmaster.mediaplus.me/admin/pagestyles/login2.css]
[botmaster.mediaplus.me/admin/include/lang/English.js]
[botmaster.mediaplus.me/admin/login.html]
[botmaster.mediaplus.me/admin/include/loadfirst.js]
[botmaster.mediaplus.me/admin/styles/City1Coral1/style.css]
[botmaster.mediaplus.me/admin/pagestyles/login2.css]
[botmaster.mediaplus.me/botmasterlogo.html]
[botmaster.mediaplus.me/admin/styles/default.css]
[botmaster.mediaplus.me/admin/include/runnerJS/RunnerAll.js]
[botmaster.mediaplus.me/admin/images/mupload/loading.gif]
[botmaster.mediaplus.me/admin/images/ui/cccccc_40x100_textures_03_highlight_soft_75.png]
[botmaster.mediaplus.me/admin/images/ui/ffffff_40x100_textures_02_glass_75.png]
[botmaster.mediaplus.me/admin/images/ui/e6e6e6_40x100_textures_02_glass_75.png]
[botmaster.mediaplus.me/admin/images/ui/dadada_40x100_textures_02_glass_75.png]
[botmaster.mediaplus.me/admin/images/ui/ffffff_40x100_textures_02_glass_65.png]
[botmaster.mediaplus.me/admin/images/ui/fef1ec_40x100_textures_05_inset_soft_95.png]
[botmaster.mediaplus.me/admin/images/ui/222222_256x240_icons_icons.png]
[botmaster.mediaplus.me/admin/images/ui/454545_256x240_icons_icons.png]
[botmaster.mediaplus.me/admin/images/ui/2e83ff_256x240_icons_icons.png]
[botmaster.mediaplus.me/admin/images/ui/cd0a0a_256x240_icons_icons.png]
[botmaster.mediaplus.me/admin/images/ui/aaaaaa_40x100_textures_01_flat_0.png]
[botmaster.mediaplus.me/admin/fonts/runner2d41d.eot]
[botmaster.mediaplus.me/admin/fonts/runner2woff.ttf]
[botmaster.mediaplus.me/admin/styles/default.css]
[botmaster.mediaplus.me/admin/styles/City1Coral1/style.css]
[botmaster.mediaplus.me/admin/images/ui/fbf9ee_40x100_textures_02_glass_55.png]
[botmaster.mediaplus.me/admin/images/ui/888888_256x240_icons_icons.png]
[botmaster.mediaplus.me/admin/fonts/runner2.svg]
[botmaster.mediaplus.me/admin/fonts/runner2.eot]
[botmaster.mediaplus.me/admin/fonts/runner2.ttf]
[static.ak.fbcdn.net/rsrc.php/v1/yL/r/FGFbc80dUKj.png]
